[0.000000] (-) TimerEvent: {}
[0.000112] (custom_msgs) JobQueued: {'identifier': 'custom_msgs', 'dependencies': OrderedDict()}
[0.000140] (more_interfaces) JobQueued: {'identifier': 'more_interfaces', 'dependencies': OrderedDict()}
[0.000156] (RRT) JobQueued: {'identifier': 'RRT', 'dependencies': OrderedDict([('custom_msgs', '/home/rishith/MRT/MRT_ASSIGNMENT_4/install/custom_msgs')])}
[0.000181] (py_srvcli) JobQueued: {'identifier': 'py_srvcli', 'dependencies': OrderedDict([('custom_msgs', '/home/rishith/MRT/MRT_ASSIGNMENT_4/install/custom_msgs')])}
[0.000594] (custom_msgs) JobStarted: {'identifier': 'custom_msgs'}
[0.039526] (more_interfaces) JobStarted: {'identifier': 'more_interfaces'}
[0.076004] (custom_msgs) JobProgress: {'identifier': 'custom_msgs', 'progress': 'cmake'}
[0.076502] (custom_msgs) Command: {'cmd': ['/usr/bin/cmake', '/home/rishith/MRT/MRT_ASSIGNMENT_4/src/custom_msgs', '-DCMAKE_INSTALL_PREFIX=/home/rishith/MRT/MRT_ASSIGNMENT_4/install/custom_msgs'], 'cwd': '/home/rishith/MRT/MRT_ASSIGNMENT_4/build/custom_msgs', 'env': OrderedDict([('LESSOPEN', '| /usr/bin/lesspipe %s'), ('LANGUAGE', 'en_IN:en'), ('USER', 'rishith'), ('ROS_PACKAGE_PATH', '/home/rishith/MRT:opt/ros/humble'), ('XDG_SESSION_TYPE', 'wayland'), ('SHLVL', '1'), ('LD_LIBRARY_PATH', '/home/rishith/MRT/MRT_ASSIGNMENT_4/install/custom_msgs/lib:/opt/ros/humble/opt/rviz_ogre_vendor/lib:/opt/ros/humble/lib/x86_64-linux-gnu:/opt/ros/humble/lib'), ('HOME', '/home/rishith'), ('OLDPWD', '/home/rishith/MRT'), ('DESKTOP_SESSION', 'ubuntu'), ('ROS_PYTHON_VERSION', '3'), ('GNOME_SHELL_SESSION_MODE', 'ubuntu'), ('GTK_MODULES', 'gail:atk-bridge'), ('SYSTEMD_EXEC_PID', '1756'), ('DBUS_SESSION_BUS_ADDRESS', 'unix:path=/run/user/1000/bus'), ('COLORTERM', 'truecolor'), ('IM_CONFIG_PHASE', '1'), ('WAYLAND_DISPLAY', 'wayland-0'), ('COLCON_PREFIX_PATH', '/home/rishith/MRT/MRT_ASSIGNMENT_4/install'), ('ROS_DISTRO', 'humble'), ('LOGNAME', 'rishith'), ('_', '/usr/bin/colcon'), ('ROS_VERSION', '2'), ('XDG_SESSION_CLASS', 'user'), ('USERNAME', 'rishith'), ('TERM', 'xterm-256color'), ('GNOME_DESKTOP_SESSION_ID', 'this-is-deprecated'), ('ROS_LOCALHOST_ONLY', '0'), ('PATH', '/opt/ros/humble/bin:/usr/local/sbin:/usr/local/bin:/usr/sbin:/usr/bin:/sbin:/bin:/usr/games:/usr/local/games:/snap/bin:/snap/bin:/usr/bin:/bin'), ('SESSION_MANAGER', 'local/rishith-HP-Pavilion-Laptop-14-dv2xxx:@/tmp/.ICE-unix/1735,unix/rishith-HP-Pavilion-Laptop-14-dv2xxx:/tmp/.ICE-unix/1735'), ('XDG_MENU_PREFIX', 'gnome-'), ('GNOME_TERMINAL_SCREEN', '/org/gnome/Terminal/screen/a46ab685_b3ce_42c3_b5d7_4cc25293cb4f'), ('GNOME_SETUP_DISPLAY', ':1'), ('XDG_RUNTIME_DIR', '/run/user/1000'), ('DISPLAY', ':0'), ('LANG', 'en_US.UTF-8'), ('XDG_CURRENT_DESKTOP', 'ubuntu:GNOME'), ('XMODIFIERS', '@im=ibus'), ('XDG_SESSION_DESKTOP', 'ubuntu'), ('XAUTHORITY', '/run/user/1000/.mutter-Xwaylandauth.JEUMK2'), ('LS_COLORS', 'rs=0:di=01;34:ln=01;36:mh=00:pi=40;33:so=01;35:do=01;35:bd=40;33;01:cd=40;33;01:or=40;31;01:mi=00:su=37;41:sg=30;43:ca=30;41:tw=30;42:ow=34;42:st=37;44:ex=01;32:*.tar=01;31:*.tgz=01;31:*.arc=01;31:*.arj=01;31:*.taz=01;31:*.lha=01;31:*.lz4=01;31:*.lzh=01;31:*.lzma=01;31:*.tlz=01;31:*.txz=01;31:*.tzo=01;31:*.t7z=01;31:*.zip=01;31:*.z=01;31:*.dz=01;31:*.gz=01;31:*.lrz=01;31:*.lz=01;31:*.lzo=01;31:*.xz=01;31:*.zst=01;31:*.tzst=01;31:*.bz2=01;31:*.bz=01;31:*.tbz=01;31:*.tbz2=01;31:*.tz=01;31:*.deb=01;31:*.rpm=01;31:*.jar=01;31:*.war=01;31:*.ear=01;31:*.sar=01;31:*.rar=01;31:*.alz=01;31:*.ace=01;31:*.zoo=01;31:*.cpio=01;31:*.7z=01;31:*.rz=01;31:*.cab=01;31:*.wim=01;31:*.swm=01;31:*.dwm=01;31:*.esd=01;31:*.jpg=01;35:*.jpeg=01;35:*.mjpg=01;35:*.mjpeg=01;35:*.gif=01;35:*.bmp=01;35:*.pbm=01;35:*.pgm=01;35:*.ppm=01;35:*.tga=01;35:*.xbm=01;35:*.xpm=01;35:*.tif=01;35:*.tiff=01;35:*.png=01;35:*.svg=01;35:*.svgz=01;35:*.mng=01;35:*.pcx=01;35:*.mov=01;35:*.mpg=01;35:*.mpeg=01;35:*.m2v=01;35:*.mkv=01;35:*.webm=01;35:*.webp=01;35:*.ogm=01;35:*.mp4=01;35:*.m4v=01;35:*.mp4v=01;35:*.vob=01;35:*.qt=01;35:*.nuv=01;35:*.wmv=01;35:*.asf=01;35:*.rm=01;35:*.rmvb=01;35:*.flc=01;35:*.avi=01;35:*.fli=01;35:*.flv=01;35:*.gl=01;35:*.dl=01;35:*.xcf=01;35:*.xwd=01;35:*.yuv=01;35:*.cgm=01;35:*.emf=01;35:*.ogv=01;35:*.ogx=01;35:*.aac=00;36:*.au=00;36:*.flac=00;36:*.m4a=00;36:*.mid=00;36:*.midi=00;36:*.mka=00;36:*.mp3=00;36:*.mpc=00;36:*.ogg=00;36:*.ra=00;36:*.wav=00;36:*.oga=00;36:*.opus=00;36:*.spx=00;36:*.xspf=00;36:'), ('GNOME_TERMINAL_SERVICE', ':1.100'), ('SSH_AGENT_LAUNCHER', 'gnome-keyring'), ('SSH_AUTH_SOCK', '/run/user/1000/keyring/ssh'), ('AMENT_PREFIX_PATH', '/home/rishith/MRT/MRT_ASSIGNMENT_4/install/py_srvcli:/home/rishith/MRT/MRT_ASSIGNMENT_4/install/more_interfaces:/home/rishith/MRT/MRT_ASSIGNMENT_4/install/RRT:/home/rishith/MRT/MRT_ASSIGNMENT_4/install/custom_msgs:/opt/ros/humble'), ('SHELL', '/bin/bash'), ('QT_ACCESSIBILITY', '1'), ('GDMSESSION', 'ubuntu'), ('LESSCLOSE', '/usr/bin/lesspipe %s %s'), ('QT_IM_MODULE', 'ibus'), ('PWD', '/home/rishith/MRT/MRT_ASSIGNMENT_4/build/custom_msgs'), ('LC_ALL', 'en_US.UTF-8'), ('XDG_CONFIG_DIRS', '/etc/xdg/xdg-ubuntu:/etc/xdg'), ('XDG_DATA_DIRS', '/usr/share/ubuntu:/usr/local/share/:/usr/share/:/var/lib/snapd/desktop'), ('PYTHONPATH', '/home/rishith/MRT/MRT_ASSIGNMENT_4/build/py_srvcli:/home/rishith/MRT/MRT_ASSIGNMENT_4/install/py_srvcli/lib/python3.10/site-packages:/home/rishith/MRT/MRT_ASSIGNMENT_4/build/RRT:/home/rishith/MRT/MRT_ASSIGNMENT_4/install/RRT/lib/python3.10/site-packages:/home/rishith/MRT/MRT_ASSIGNMENT_4/install/custom_msgs/local/lib/python3.10/dist-packages:/opt/ros/humble/lib/python3.10/site-packages:/opt/ros/humble/local/lib/python3.10/dist-packages'), ('COLCON', '1'), ('VTE_VERSION', '6800'), ('CMAKE_PREFIX_PATH', '/home/rishith/MRT/MRT_ASSIGNMENT_4/install/more_interfaces:/home/rishith/MRT/MRT_ASSIGNMENT_4/install/custom_msgs')]), 'shell': False}
[0.080291] (more_interfaces) JobProgress: {'identifier': 'more_interfaces', 'progress': 'cmake'}
[0.080818] (more_interfaces) JobProgress: {'identifier': 'more_interfaces', 'progress': 'build'}
[0.081484] (more_interfaces) Command: {'cmd': ['/usr/bin/cmake', '--build', '/home/rishith/MRT/MRT_ASSIGNMENT_4/build/more_interfaces', '--', '-j12', '-l12'], 'cwd': '/home/rishith/MRT/MRT_ASSIGNMENT_4/build/more_interfaces', 'env': OrderedDict([('LESSOPEN', '| /usr/bin/lesspipe %s'), ('LANGUAGE', 'en_IN:en'), ('USER', 'rishith'), ('ROS_PACKAGE_PATH', '/home/rishith/MRT:opt/ros/humble'), ('XDG_SESSION_TYPE', 'wayland'), ('SHLVL', '1'), ('LD_LIBRARY_PATH', '/home/rishith/MRT/MRT_ASSIGNMENT_4/install/custom_msgs/lib:/opt/ros/humble/opt/rviz_ogre_vendor/lib:/opt/ros/humble/lib/x86_64-linux-gnu:/opt/ros/humble/lib'), ('HOME', '/home/rishith'), ('OLDPWD', '/home/rishith/MRT'), ('DESKTOP_SESSION', 'ubuntu'), ('ROS_PYTHON_VERSION', '3'), ('GNOME_SHELL_SESSION_MODE', 'ubuntu'), ('GTK_MODULES', 'gail:atk-bridge'), ('SYSTEMD_EXEC_PID', '1756'), ('DBUS_SESSION_BUS_ADDRESS', 'unix:path=/run/user/1000/bus'), ('COLORTERM', 'truecolor'), ('IM_CONFIG_PHASE', '1'), ('WAYLAND_DISPLAY', 'wayland-0'), ('COLCON_PREFIX_PATH', '/home/rishith/MRT/MRT_ASSIGNMENT_4/install'), ('ROS_DISTRO', 'humble'), ('LOGNAME', 'rishith'), ('_', '/usr/bin/colcon'), ('ROS_VERSION', '2'), ('XDG_SESSION_CLASS', 'user'), ('USERNAME', 'rishith'), ('TERM', 'xterm-256color'), ('GNOME_DESKTOP_SESSION_ID', 'this-is-deprecated'), ('ROS_LOCALHOST_ONLY', '0'), ('PATH', '/opt/ros/humble/bin:/usr/local/sbin:/usr/local/bin:/usr/sbin:/usr/bin:/sbin:/bin:/usr/games:/usr/local/games:/snap/bin:/snap/bin:/usr/bin:/bin'), ('SESSION_MANAGER', 'local/rishith-HP-Pavilion-Laptop-14-dv2xxx:@/tmp/.ICE-unix/1735,unix/rishith-HP-Pavilion-Laptop-14-dv2xxx:/tmp/.ICE-unix/1735'), ('XDG_MENU_PREFIX', 'gnome-'), ('GNOME_TERMINAL_SCREEN', '/org/gnome/Terminal/screen/a46ab685_b3ce_42c3_b5d7_4cc25293cb4f'), ('GNOME_SETUP_DISPLAY', ':1'), ('XDG_RUNTIME_DIR', '/run/user/1000'), ('DISPLAY', ':0'), ('LANG', 'en_US.UTF-8'), ('XDG_CURRENT_DESKTOP', 'ubuntu:GNOME'), ('XMODIFIERS', '@im=ibus'), ('XDG_SESSION_DESKTOP', 'ubuntu'), ('XAUTHORITY', '/run/user/1000/.mutter-Xwaylandauth.JEUMK2'), ('LS_COLORS', 'rs=0:di=01;34:ln=01;36:mh=00:pi=40;33:so=01;35:do=01;35:bd=40;33;01:cd=40;33;01:or=40;31;01:mi=00:su=37;41:sg=30;43:ca=30;41:tw=30;42:ow=34;42:st=37;44:ex=01;32:*.tar=01;31:*.tgz=01;31:*.arc=01;31:*.arj=01;31:*.taz=01;31:*.lha=01;31:*.lz4=01;31:*.lzh=01;31:*.lzma=01;31:*.tlz=01;31:*.txz=01;31:*.tzo=01;31:*.t7z=01;31:*.zip=01;31:*.z=01;31:*.dz=01;31:*.gz=01;31:*.lrz=01;31:*.lz=01;31:*.lzo=01;31:*.xz=01;31:*.zst=01;31:*.tzst=01;31:*.bz2=01;31:*.bz=01;31:*.tbz=01;31:*.tbz2=01;31:*.tz=01;31:*.deb=01;31:*.rpm=01;31:*.jar=01;31:*.war=01;31:*.ear=01;31:*.sar=01;31:*.rar=01;31:*.alz=01;31:*.ace=01;31:*.zoo=01;31:*.cpio=01;31:*.7z=01;31:*.rz=01;31:*.cab=01;31:*.wim=01;31:*.swm=01;31:*.dwm=01;31:*.esd=01;31:*.jpg=01;35:*.jpeg=01;35:*.mjpg=01;35:*.mjpeg=01;35:*.gif=01;35:*.bmp=01;35:*.pbm=01;35:*.pgm=01;35:*.ppm=01;35:*.tga=01;35:*.xbm=01;35:*.xpm=01;35:*.tif=01;35:*.tiff=01;35:*.png=01;35:*.svg=01;35:*.svgz=01;35:*.mng=01;35:*.pcx=01;35:*.mov=01;35:*.mpg=01;35:*.mpeg=01;35:*.m2v=01;35:*.mkv=01;35:*.webm=01;35:*.webp=01;35:*.ogm=01;35:*.mp4=01;35:*.m4v=01;35:*.mp4v=01;35:*.vob=01;35:*.qt=01;35:*.nuv=01;35:*.wmv=01;35:*.asf=01;35:*.rm=01;35:*.rmvb=01;35:*.flc=01;35:*.avi=01;35:*.fli=01;35:*.flv=01;35:*.gl=01;35:*.dl=01;35:*.xcf=01;35:*.xwd=01;35:*.yuv=01;35:*.cgm=01;35:*.emf=01;35:*.ogv=01;35:*.ogx=01;35:*.aac=00;36:*.au=00;36:*.flac=00;36:*.m4a=00;36:*.mid=00;36:*.midi=00;36:*.mka=00;36:*.mp3=00;36:*.mpc=00;36:*.ogg=00;36:*.ra=00;36:*.wav=00;36:*.oga=00;36:*.opus=00;36:*.spx=00;36:*.xspf=00;36:'), ('GNOME_TERMINAL_SERVICE', ':1.100'), ('SSH_AGENT_LAUNCHER', 'gnome-keyring'), ('SSH_AUTH_SOCK', '/run/user/1000/keyring/ssh'), ('AMENT_PREFIX_PATH', '/home/rishith/MRT/MRT_ASSIGNMENT_4/install/py_srvcli:/home/rishith/MRT/MRT_ASSIGNMENT_4/install/more_interfaces:/home/rishith/MRT/MRT_ASSIGNMENT_4/install/RRT:/home/rishith/MRT/MRT_ASSIGNMENT_4/install/custom_msgs:/opt/ros/humble'), ('SHELL', '/bin/bash'), ('QT_ACCESSIBILITY', '1'), ('GDMSESSION', 'ubuntu'), ('LESSCLOSE', '/usr/bin/lesspipe %s %s'), ('QT_IM_MODULE', 'ibus'), ('PWD', '/home/rishith/MRT/MRT_ASSIGNMENT_4/build/more_interfaces'), ('LC_ALL', 'en_US.UTF-8'), ('XDG_CONFIG_DIRS', '/etc/xdg/xdg-ubuntu:/etc/xdg'), ('XDG_DATA_DIRS', '/usr/share/ubuntu:/usr/local/share/:/usr/share/:/var/lib/snapd/desktop'), ('PYTHONPATH', '/home/rishith/MRT/MRT_ASSIGNMENT_4/build/py_srvcli:/home/rishith/MRT/MRT_ASSIGNMENT_4/install/py_srvcli/lib/python3.10/site-packages:/home/rishith/MRT/MRT_ASSIGNMENT_4/build/RRT:/home/rishith/MRT/MRT_ASSIGNMENT_4/install/RRT/lib/python3.10/site-packages:/home/rishith/MRT/MRT_ASSIGNMENT_4/install/custom_msgs/local/lib/python3.10/dist-packages:/opt/ros/humble/lib/python3.10/site-packages:/opt/ros/humble/local/lib/python3.10/dist-packages'), ('COLCON', '1'), ('VTE_VERSION', '6800'), ('CMAKE_PREFIX_PATH', '/home/rishith/MRT/MRT_ASSIGNMENT_4/install/more_interfaces:/home/rishith/MRT/MRT_ASSIGNMENT_4/install/custom_msgs:/home/rishith/MRT/MRT_ASSIGNMENT_4/install/py_srvcli:/home/rishith/MRT/MRT_ASSIGNMENT_4/install/RRT:/opt/ros/humble')]), 'shell': False}
[0.089345] (custom_msgs) StdoutLine: {'line': b'-- Found ament_cmake: 1.3.8 (/opt/ros/humble/share/ament_cmake/cmake)\n'}
[0.099804] (-) TimerEvent: {}
[0.109008] (more_interfaces) CommandEnded: {'returncode': 0}
[0.123970] (more_interfaces) JobProgress: {'identifier': 'more_interfaces', 'progress': 'install'}
[0.133118] (more_interfaces) Command: {'cmd': ['/usr/bin/cmake', '--install', '/home/rishith/MRT/MRT_ASSIGNMENT_4/build/more_interfaces'], 'cwd': '/home/rishith/MRT/MRT_ASSIGNMENT_4/build/more_interfaces', 'env': OrderedDict([('LESSOPEN', '| /usr/bin/lesspipe %s'), ('LANGUAGE', 'en_IN:en'), ('USER', 'rishith'), ('ROS_PACKAGE_PATH', '/home/rishith/MRT:opt/ros/humble'), ('XDG_SESSION_TYPE', 'wayland'), ('SHLVL', '1'), ('LD_LIBRARY_PATH', '/home/rishith/MRT/MRT_ASSIGNMENT_4/install/custom_msgs/lib:/opt/ros/humble/opt/rviz_ogre_vendor/lib:/opt/ros/humble/lib/x86_64-linux-gnu:/opt/ros/humble/lib'), ('HOME', '/home/rishith'), ('OLDPWD', '/home/rishith/MRT'), ('DESKTOP_SESSION', 'ubuntu'), ('ROS_PYTHON_VERSION', '3'), ('GNOME_SHELL_SESSION_MODE', 'ubuntu'), ('GTK_MODULES', 'gail:atk-bridge'), ('SYSTEMD_EXEC_PID', '1756'), ('DBUS_SESSION_BUS_ADDRESS', 'unix:path=/run/user/1000/bus'), ('COLORTERM', 'truecolor'), ('IM_CONFIG_PHASE', '1'), ('WAYLAND_DISPLAY', 'wayland-0'), ('COLCON_PREFIX_PATH', '/home/rishith/MRT/MRT_ASSIGNMENT_4/install'), ('ROS_DISTRO', 'humble'), ('LOGNAME', 'rishith'), ('_', '/usr/bin/colcon'), ('ROS_VERSION', '2'), ('XDG_SESSION_CLASS', 'user'), ('USERNAME', 'rishith'), ('TERM', 'xterm-256color'), ('GNOME_DESKTOP_SESSION_ID', 'this-is-deprecated'), ('ROS_LOCALHOST_ONLY', '0'), ('PATH', '/opt/ros/humble/bin:/usr/local/sbin:/usr/local/bin:/usr/sbin:/usr/bin:/sbin:/bin:/usr/games:/usr/local/games:/snap/bin:/snap/bin:/usr/bin:/bin'), ('SESSION_MANAGER', 'local/rishith-HP-Pavilion-Laptop-14-dv2xxx:@/tmp/.ICE-unix/1735,unix/rishith-HP-Pavilion-Laptop-14-dv2xxx:/tmp/.ICE-unix/1735'), ('XDG_MENU_PREFIX', 'gnome-'), ('GNOME_TERMINAL_SCREEN', '/org/gnome/Terminal/screen/a46ab685_b3ce_42c3_b5d7_4cc25293cb4f'), ('GNOME_SETUP_DISPLAY', ':1'), ('XDG_RUNTIME_DIR', '/run/user/1000'), ('DISPLAY', ':0'), ('LANG', 'en_US.UTF-8'), ('XDG_CURRENT_DESKTOP', 'ubuntu:GNOME'), ('XMODIFIERS', '@im=ibus'), ('XDG_SESSION_DESKTOP', 'ubuntu'), ('XAUTHORITY', '/run/user/1000/.mutter-Xwaylandauth.JEUMK2'), ('LS_COLORS', 'rs=0:di=01;34:ln=01;36:mh=00:pi=40;33:so=01;35:do=01;35:bd=40;33;01:cd=40;33;01:or=40;31;01:mi=00:su=37;41:sg=30;43:ca=30;41:tw=30;42:ow=34;42:st=37;44:ex=01;32:*.tar=01;31:*.tgz=01;31:*.arc=01;31:*.arj=01;31:*.taz=01;31:*.lha=01;31:*.lz4=01;31:*.lzh=01;31:*.lzma=01;31:*.tlz=01;31:*.txz=01;31:*.tzo=01;31:*.t7z=01;31:*.zip=01;31:*.z=01;31:*.dz=01;31:*.gz=01;31:*.lrz=01;31:*.lz=01;31:*.lzo=01;31:*.xz=01;31:*.zst=01;31:*.tzst=01;31:*.bz2=01;31:*.bz=01;31:*.tbz=01;31:*.tbz2=01;31:*.tz=01;31:*.deb=01;31:*.rpm=01;31:*.jar=01;31:*.war=01;31:*.ear=01;31:*.sar=01;31:*.rar=01;31:*.alz=01;31:*.ace=01;31:*.zoo=01;31:*.cpio=01;31:*.7z=01;31:*.rz=01;31:*.cab=01;31:*.wim=01;31:*.swm=01;31:*.dwm=01;31:*.esd=01;31:*.jpg=01;35:*.jpeg=01;35:*.mjpg=01;35:*.mjpeg=01;35:*.gif=01;35:*.bmp=01;35:*.pbm=01;35:*.pgm=01;35:*.ppm=01;35:*.tga=01;35:*.xbm=01;35:*.xpm=01;35:*.tif=01;35:*.tiff=01;35:*.png=01;35:*.svg=01;35:*.svgz=01;35:*.mng=01;35:*.pcx=01;35:*.mov=01;35:*.mpg=01;35:*.mpeg=01;35:*.m2v=01;35:*.mkv=01;35:*.webm=01;35:*.webp=01;35:*.ogm=01;35:*.mp4=01;35:*.m4v=01;35:*.mp4v=01;35:*.vob=01;35:*.qt=01;35:*.nuv=01;35:*.wmv=01;35:*.asf=01;35:*.rm=01;35:*.rmvb=01;35:*.flc=01;35:*.avi=01;35:*.fli=01;35:*.flv=01;35:*.gl=01;35:*.dl=01;35:*.xcf=01;35:*.xwd=01;35:*.yuv=01;35:*.cgm=01;35:*.emf=01;35:*.ogv=01;35:*.ogx=01;35:*.aac=00;36:*.au=00;36:*.flac=00;36:*.m4a=00;36:*.mid=00;36:*.midi=00;36:*.mka=00;36:*.mp3=00;36:*.mpc=00;36:*.ogg=00;36:*.ra=00;36:*.wav=00;36:*.oga=00;36:*.opus=00;36:*.spx=00;36:*.xspf=00;36:'), ('GNOME_TERMINAL_SERVICE', ':1.100'), ('SSH_AGENT_LAUNCHER', 'gnome-keyring'), ('SSH_AUTH_SOCK', '/run/user/1000/keyring/ssh'), ('AMENT_PREFIX_PATH', '/home/rishith/MRT/MRT_ASSIGNMENT_4/install/py_srvcli:/home/rishith/MRT/MRT_ASSIGNMENT_4/install/more_interfaces:/home/rishith/MRT/MRT_ASSIGNMENT_4/install/RRT:/home/rishith/MRT/MRT_ASSIGNMENT_4/install/custom_msgs:/opt/ros/humble'), ('SHELL', '/bin/bash'), ('QT_ACCESSIBILITY', '1'), ('GDMSESSION', 'ubuntu'), ('LESSCLOSE', '/usr/bin/lesspipe %s %s'), ('QT_IM_MODULE', 'ibus'), ('PWD', '/home/rishith/MRT/MRT_ASSIGNMENT_4/build/more_interfaces'), ('LC_ALL', 'en_US.UTF-8'), ('XDG_CONFIG_DIRS', '/etc/xdg/xdg-ubuntu:/etc/xdg'), ('XDG_DATA_DIRS', '/usr/share/ubuntu:/usr/local/share/:/usr/share/:/var/lib/snapd/desktop'), ('PYTHONPATH', '/home/rishith/MRT/MRT_ASSIGNMENT_4/build/py_srvcli:/home/rishith/MRT/MRT_ASSIGNMENT_4/install/py_srvcli/lib/python3.10/site-packages:/home/rishith/MRT/MRT_ASSIGNMENT_4/build/RRT:/home/rishith/MRT/MRT_ASSIGNMENT_4/install/RRT/lib/python3.10/site-packages:/home/rishith/MRT/MRT_ASSIGNMENT_4/install/custom_msgs/local/lib/python3.10/dist-packages:/opt/ros/humble/lib/python3.10/site-packages:/opt/ros/humble/local/lib/python3.10/dist-packages'), ('COLCON', '1'), ('VTE_VERSION', '6800'), ('CMAKE_PREFIX_PATH', '/home/rishith/MRT/MRT_ASSIGNMENT_4/install/more_interfaces:/home/rishith/MRT/MRT_ASSIGNMENT_4/install/custom_msgs:/home/rishith/MRT/MRT_ASSIGNMENT_4/install/py_srvcli:/home/rishith/MRT/MRT_ASSIGNMENT_4/install/RRT:/opt/ros/humble')]), 'shell': False}
[0.138850] (more_interfaces) StdoutLine: {'line': b'-- Install configuration: ""\n'}
[0.139147] (more_interfaces) StdoutLine: {'line': b'-- Execute custom install script\n'}
[0.139321] (more_interfaces) StdoutLine: {'line': b'-- Up-to-date symlink: /home/rishith/MRT/MRT_ASSIGNMENT_4/install/more_interfaces/share/ament_index/resource_index/package_run_dependencies/more_interfaces\n'}
[0.139740] (more_interfaces) StdoutLine: {'line': b'-- Up-to-date symlink: /home/rishith/MRT/MRT_ASSIGNMENT_4/install/more_interfaces/share/ament_index/resource_index/parent_prefix_path/more_interfaces\n'}
[0.139918] (more_interfaces) StdoutLine: {'line': b'-- Up-to-date symlink: /home/rishith/MRT/MRT_ASSIGNMENT_4/install/more_interfaces/share/more_interfaces/environment/ament_prefix_path.sh\n'}
[0.140061] (more_interfaces) StdoutLine: {'line': b'-- Up-to-date symlink: /home/rishith/MRT/MRT_ASSIGNMENT_4/install/more_interfaces/share/more_interfaces/environment/ament_prefix_path.dsv\n'}
[0.140345] (more_interfaces) StdoutLine: {'line': b'-- Up-to-date symlink: /home/rishith/MRT/MRT_ASSIGNMENT_4/install/more_interfaces/share/more_interfaces/environment/path.sh\n'}
[0.140642] (more_interfaces) StdoutLine: {'line': b'-- Up-to-date symlink: /home/rishith/MRT/MRT_ASSIGNMENT_4/install/more_interfaces/share/more_interfaces/environment/path.dsv\n'}
[0.140776] (more_interfaces) StdoutLine: {'line': b'-- Up-to-date symlink: /home/rishith/MRT/MRT_ASSIGNMENT_4/install/more_interfaces/share/more_interfaces/local_setup.bash\n'}
[0.140899] (more_interfaces) StdoutLine: {'line': b'-- Up-to-date symlink: /home/rishith/MRT/MRT_ASSIGNMENT_4/install/more_interfaces/share/more_interfaces/local_setup.sh\n'}
[0.141020] (more_interfaces) StdoutLine: {'line': b'-- Up-to-date symlink: /home/rishith/MRT/MRT_ASSIGNMENT_4/install/more_interfaces/share/more_interfaces/local_setup.zsh\n'}
[0.141140] (more_interfaces) StdoutLine: {'line': b'-- Up-to-date symlink: /home/rishith/MRT/MRT_ASSIGNMENT_4/install/more_interfaces/share/more_interfaces/local_setup.dsv\n'}
[0.141259] (more_interfaces) StdoutLine: {'line': b'-- Symlinking: /home/rishith/MRT/MRT_ASSIGNMENT_4/install/more_interfaces/share/more_interfaces/package.dsv\n'}
[0.148968] (more_interfaces) StdoutLine: {'line': b'-- Up-to-date symlink: /home/rishith/MRT/MRT_ASSIGNMENT_4/install/more_interfaces/share/ament_index/resource_index/packages/more_interfaces\n'}
[0.149441] (more_interfaces) StdoutLine: {'line': b'-- Up-to-date symlink: /home/rishith/MRT/MRT_ASSIGNMENT_4/install/more_interfaces/share/more_interfaces/cmake/more_interfacesConfig.cmake\n'}
[0.149656] (more_interfaces) StdoutLine: {'line': b'-- Up-to-date symlink: /home/rishith/MRT/MRT_ASSIGNMENT_4/install/more_interfaces/share/more_interfaces/cmake/more_interfacesConfig-version.cmake\n'}
[0.149909] (more_interfaces) StdoutLine: {'line': b'-- Up-to-date symlink: /home/rishith/MRT/MRT_ASSIGNMENT_4/install/more_interfaces/share/more_interfaces/package.xml\n'}
[0.152175] (more_interfaces) CommandEnded: {'returncode': 0}
[0.194541] (custom_msgs) StdoutLine: {'line': b'-- Override CMake install command with custom implementation using symlinks instead of copying resources\n'}
[0.199719] (custom_msgs) StdoutLine: {'line': b'-- Found rosidl_default_generators: 1.2.0 (/opt/ros/humble/share/rosidl_default_generators/cmake)\n'}
[0.199868] (-) TimerEvent: {}
[0.201188] (custom_msgs) StdoutLine: {'line': b'-- Using all available rosidl_typesupport_c: rosidl_typesupport_fastrtps_c;rosidl_typesupport_introspection_c\n'}
[0.203601] (custom_msgs) StdoutLine: {'line': b'-- Found rosidl_adapter: 3.1.5 (/opt/ros/humble/share/rosidl_adapter/cmake)\n'}
[0.228352] (custom_msgs) StdoutLine: {'line': b'-- Using all available rosidl_typesupport_cpp: rosidl_typesupport_fastrtps_cpp;rosidl_typesupport_introspection_cpp\n'}
[0.250495] (custom_msgs) StdoutLine: {'line': b'-- Found sensor_msgs: 4.2.3 (/opt/ros/humble/share/sensor_msgs/cmake)\n'}
[0.268647] (more_interfaces) JobEnded: {'identifier': 'more_interfaces', 'rc': 0}
[0.300010] (-) TimerEvent: {}
[0.389182] (custom_msgs) StdoutLine: {'line': b'-- Found cv_bridge: 3.2.1 (/opt/ros/humble/share/cv_bridge/cmake)\n'}
[0.400136] (-) TimerEvent: {}
[0.500624] (-) TimerEvent: {}
[0.525887] (custom_msgs) StderrLine: {'line': b"Error parsing '/home/rishith/MRT/MRT_ASSIGNMENT_4/src/custom_msgs/package.xml':\n"}
[0.556404] (custom_msgs) StderrLine: {'line': b'Traceback (most recent call last):\n'}
[0.556780] (custom_msgs) StderrLine: {'line': b'  File "/usr/lib/python3/dist-packages/catkin_pkg/package.py", line 610, in parse_package_string\n'}
[0.556894] (custom_msgs) StderrLine: {'line': b'    root = dom.parseString(data)\n'}
[0.556996] (custom_msgs) StderrLine: {'line': b'  File "/usr/lib/python3.10/xml/dom/minidom.py", line 2000, in parseString\n'}
[0.557095] (custom_msgs) StderrLine: {'line': b'    return expatbuilder.parseString(string)\n'}
[0.557191] (custom_msgs) StderrLine: {'line': b'  File "/usr/lib/python3.10/xml/dom/expatbuilder.py", line 925, in parseString\n'}
[0.557287] (custom_msgs) StderrLine: {'line': b'    return builder.parseString(string)\n'}
[0.557386] (custom_msgs) StderrLine: {'line': b'  File "/usr/lib/python3.10/xml/dom/expatbuilder.py", line 223, in parseString\n'}
[0.557652] (custom_msgs) StderrLine: {'line': b'    parser.Parse(string, True)\n'}
[0.557764] (custom_msgs) StderrLine: {'line': b'xml.parsers.expat.ExpatError: mismatched tag: line 32, column 2\n'}
[0.557867] (custom_msgs) StderrLine: {'line': b'\n'}
[0.557971] (custom_msgs) StderrLine: {'line': b'During handling of the above exception, another exception occurred:\n'}
[0.558076] (custom_msgs) StderrLine: {'line': b'\n'}
[0.558182] (custom_msgs) StderrLine: {'line': b'Traceback (most recent call last):\n'}
[0.558288] (custom_msgs) StderrLine: {'line': b'  File "/opt/ros/humble/share/ament_cmake_core/cmake/core/package_xml_2_cmake.py", line 150, in <module>\n'}
[0.558394] (custom_msgs) StderrLine: {'line': b'    main()\n'}
[0.558502] (custom_msgs) StderrLine: {'line': b'  File "/opt/ros/humble/share/ament_cmake_core/cmake/core/package_xml_2_cmake.py", line 53, in main\n'}
[0.558610] (custom_msgs) StderrLine: {'line': b'    raise e\n'}
[0.558716] (custom_msgs) StderrLine: {'line': b'  File "/opt/ros/humble/share/ament_cmake_core/cmake/core/package_xml_2_cmake.py", line 49, in main\n'}
[0.558821] (custom_msgs) StderrLine: {'line': b'    package = parse_package_string(\n'}
[0.558923] (custom_msgs) StderrLine: {'line': b'  File "/usr/lib/python3/dist-packages/catkin_pkg/package.py", line 612, in parse_package_string\n'}
[0.559027] (custom_msgs) StderrLine: {'line': b"    raise InvalidPackage('The manifest contains invalid XML:\\n%s' % ex, filename)\n"}
[0.559130] (custom_msgs) StderrLine: {'line': b"catkin_pkg.package.InvalidPackage: Error(s) in package '/home/rishith/MRT/MRT_ASSIGNMENT_4/src/custom_msgs/package.xml':\n"}
[0.559285] (custom_msgs) StderrLine: {'line': b'The manifest contains invalid XML:\n'}
[0.559493] (custom_msgs) StderrLine: {'line': b'mismatched tag: line 32, column 2\n'}
[0.566722] (custom_msgs) StderrLine: {'line': b'\x1b[31mCMake Error at /opt/ros/humble/share/ament_cmake_core/cmake/core/ament_package_xml.cmake:95 (message):\n'}
[0.566926] (custom_msgs) StderrLine: {'line': b'  execute_process(/usr/bin/python3\n'}
[0.566981] (custom_msgs) StderrLine: {'line': b'  /opt/ros/humble/share/ament_cmake_core/cmake/core/package_xml_2_cmake.py\n'}
[0.567019] (custom_msgs) StderrLine: {'line': b'  /home/rishith/MRT/MRT_ASSIGNMENT_4/src/custom_msgs/package.xml\n'}
[0.567054] (custom_msgs) StderrLine: {'line': b'  /home/rishith/MRT/MRT_ASSIGNMENT_4/build/custom_msgs/ament_cmake_core/package.cmake)\n'}
[0.567091] (custom_msgs) StderrLine: {'line': b'  returned error code 1\n'}
[0.567126] (custom_msgs) StderrLine: {'line': b'Call Stack (most recent call first):\n'}
[0.567160] (custom_msgs) StderrLine: {'line': b'  /opt/ros/humble/share/ament_cmake_core/cmake/core/ament_package_xml.cmake:49 (_ament_package_xml)\n'}
[0.567228] (custom_msgs) StderrLine: {'line': b'  /opt/ros/humble/share/rosidl_cmake/cmake/rosidl_generate_interfaces.cmake:226 (ament_package_xml)\n'}
[0.567274] (custom_msgs) StderrLine: {'line': b'  CMakeLists.txt:20 (rosidl_generate_interfaces)\n'}
[0.567311] (custom_msgs) StderrLine: {'line': b'\n'}
[0.567345] (custom_msgs) StderrLine: {'line': b'\x1b[0m\n'}
[0.567380] (custom_msgs) StdoutLine: {'line': b'-- Configuring incomplete, errors occurred!\n'}
[0.567427] (custom_msgs) StdoutLine: {'line': b'See also "/home/rishith/MRT/MRT_ASSIGNMENT_4/build/custom_msgs/CMakeFiles/CMakeOutput.log".\n'}
[0.571228] (custom_msgs) CommandEnded: {'returncode': 1}
[0.571703] (custom_msgs) JobEnded: {'identifier': 'custom_msgs', 'rc': 1}
[0.582346] (RRT) JobSkipped: {'identifier': 'RRT'}
[0.582441] (py_srvcli) JobSkipped: {'identifier': 'py_srvcli'}
[0.582463] (-) EventReactorShutdown: {}
